[www.utah.edu/index.html]
[backblue.gif]
[fade.gif]
[index.html]
[www.utah.edu/_images/favicon.ico]
[www.utah.edu/_images/apple-touch-icon.png]
[www.utah.edu/_css/normalize.min.css]
[www.utah.edu/_css/main.css]
[www.utah.edu/_css/u-light.css]
[www.utah.edu/_scripts/vendor/modernizr-2.6.2-respond-1.1.0.min.js]
[www.utah.edu/students/catalog.html]
[www.utah.edu/academics/colleges.html]
[www.utah.edu/libraries/index.html]
[www.utah.edu/academics/index.html]
[www.utah.edu/arts/events.html]
[www.utah.edu/arts/academic.html]
[www.utah.edu/arts/index.html]
[www.utah.edu/arts/professional.html]
[www.utah.edu/arts/youth.html]
[www.utah.edu/banners-home-sml.html]
[www.utah.edu/_images/logo_block_u.png]
[www.utah.edu/events/index6733.html]
[www.trumba.com/i/DgBBgkoc5HpdFFAobP0uHnMw.jpg]
[www.utah.edu/community/index.html]
[www.utah.edu/_images/imagine_u.png]
[ajax.googleapis.com/ajax/libs/jquery/1.9.1/jquery.min.js]
[www.utah.edu/future-students/index.html]
[www.utah.edu/students/index.html]
[www.utah.edu/_scripts/vendor/jquery.cycle.all_min.js]
[www.utah.edu/_scripts/main.js]
[www.utah.edu/faculty/index.html]
[www.utah.edu/_scripts/u-light.js]
[www.utah.edu/staff/index.html]
[www.utah.edu/_resources/js/directedit.js]
[www.utah.edu/index.html]
[www.utah.edu/visitors/index.html]
[www.utah.edu/diversity/index.html]
[www.utah.edu/_css/normalize.min.css]
[www.utah.edu/a-z/index.html]
[www.utah.edu/about/index.html]
[www.utah.edu/events/index.html]
[www.utah.edu/_images/sprite_ulogo.png]
[www.utah.edu/_scripts/vendor/jquery-1.9.1.min.js]
[www.utah.edu/disclaimer/index.html]
[www.utah.edu/nondiscrimination/index.html]
[www.utah.edu/_images/sprite_tools.png]
[www.utah.edu/privacy/index.html]
[www.utah.edu/contact/index.html]
[www.utah.edu/_images/sprite_elements.png]
[www.utah.edu/_images/home/banners/sml_banner1.jpg]
[www.utah.edu/_images/bg_top_nav_color.png]
[www.utah.edu/_images/home/banners/med_banner1.jpg]
[www.utah.edu/_images/bg_header_extent.png]
[www.utah.edu/_images/home/banners/lrg_banner1.jpg]
[www.utah.edu/_css/main.css]
[www.utah.edu/_images/u-light/close.png]
[www.utah.edu/_images/u-light/light-the-U-white.gif]
[www.utah.edu/_images/u-light/light-the-U-white-blink.gif]
[www.utah.edu/_images/u-light/light-the-U-red.gif]
[www.utah.edu/_images/u-light/light-the-U-red-blink.gif]
[www.utah.edu/_css/u-light.css]
[www.googletagmanager.com/gtm5445.html]
[templates.utah.edu/_main-v2/_images/apple-touch-icon.png]
[templates.utah.edu/_main-v2/_css/main.css]
[www.utah.edu/_css/custom-styles.css]
[www.utah.edu/index-2.html]
[templates.utah.edu/_main-v2/_images/header/logo/uu-logo.png]
[templates.utah.edu/_main-v2/_scripts/vendor/modernizr-2.6.2.min.js]
[templates.utah.edu/_main-v2/_images/search/gsa_search_btn.png]
[www.utah.edu/_images/academics/banner-academics.jpg]
[www.utah.edu/_images/academics/academics-majors-sidebar.jpg]
[www.utah.edu/_images/academics/academics-advising-sidebar.jpg]
[www.utah.edu/credits.html]
[ajax.googleapis.com/ajax/libs/jquery/1.11.1/jquery.min.js]
[templates.utah.edu/_main-v2/_scripts/vendor/bootstrap.min.js]
[templates.utah.edu/_main-v2/_scripts/vendor/jquery-1.11.1.min.js]
[templates.utah.edu/_main-v2/_scripts/main.js]
[www.utah.edu/_scripts/custom-scripts.js]
[www.utah.edu/academics/index.html]
[templates.utah.edu/_main-v2/_scripts/directedit.js]
[www.utah.edu/students/services.html]
[www.utah.edu/students/catalog.html]
[www.utah.edu/_images/academics/banner-life-at-u.jpg]
[www.utah.edu/academics/colleges.html]
[www.utah.edu/_images/libraries/banner-library.jpg]
[www.utah.edu/libraries/index-2.html]
[www.utah.edu/_images/libraries/library-marriot.jpg]
[www.utah.edu/_images/libraries/library-healthsciences.jpg]
[www.utah.edu/_images/libraries/law-library.jpg]
[www.utah.edu/_images/libraries/library-music.jpg]
[www.utah.edu/directions/index.html]
[www.utah.edu/_images/libraries/side-library-green.jpg]
[www.utah.edu/_images/libraries/side-library-collections.jpg]
[www.utah.edu/libraries/index.html]
[www.utah.edu/_images/arts/banner-arts.jpg]
[www.utah.edu/_images/arts/thmb-arts-venues.jpg]
[www.utah.edu/events/index2f96.html]
[www.utah.edu/events/indexb02e.html]
[www.utah.edu/events/index4c0c.html]
[www.utah.edu/events/index4412.html]
[www.utah.edu/events/index14db.html]
[www.utah.edu/events/your-events9696.html]
[www.utah.edu/_images/arts/arts-academic-thmb.jpg]
[www.utah.edu/arts/programs.html]
[www.utah.edu/_images/arts/arts-professional-thmb.jpg]
[www.utah.edu/arts/museums.html]
[www.utah.edu/_images/arts/arts-finerpoints.png]
[www.utah.edu/_images/arts/youth_education.png]
[www.utah.edu/arts/index.html]
[www.utah.edu/arts/events.html]
[www.utah.edu/directions/index-2.html]
[www.utah.edu/_images/arts/banner-programs.jpg]
[www.utah.edu/_images/arts/arts-college-thmb.jpg]
[www.utah.edu/_images/arts/arts-painter-thmb.jpg]
[www.utah.edu/_images/arts/arts-ballet-thmb.jpg]
[www.utah.edu/_images/arts/thmb-arts-fine-arts.jpg]
[www.utah.edu/_images/arts/arts-moderndance-thmb.jpg]
[www.utah.edu/_images/arts/arts-music-thmb.jpg]
[www.utah.edu/_images/arts/arts-theater-thmb.jpg]
[www.utah.edu/_images/arts/thmb-arts-eae.jpg]
[www.utah.edu/arts/academic.html]
[www.utah.edu/_images/arts/thmb-kingsbury-hall.jpg]
[www.utah.edu/_images/arts/thmb-pioneer.jpg]
[www.utah.edu/_images/arts/thmb-redbutte-amp.jpg]
[www.utah.edu/_images/arts/thmb-umfa.jpg]
[www.utah.edu/arts/professional.html]
[www.utah.edu/_images/arts/arts-youth-banner.jpg]
[www.utah.edu/_images/arts/arts-youth-nhmu.jpg]
[www.utah.edu/_images/arts/arts-youth-prep.jpg]
[www.utah.edu/_images/arts/arts-youth-gardens.jpg]
[www.utah.edu/_images/arts/arts-youth-dance.jpg]
[www.utah.edu/_images/arts/arts-youth-umfa.jpg]
[www.utah.edu/_images/arts/arts-youth-continuinged.jpg]
[www.utah.edu/_images/arts/arts-youth-theater.jpg]
[www.utah.edu/arts/youth.html]
[www.utah.edu/_images/home/banners/sml_banner2.jpg]
[www.utah.edu/_images/home/banners/sml_banner3.jpg]
[www.utah.edu/banners-home-sml.html]
[www.utah.edu/events/index-2.html]
[www.utah.edu/events/featured-events.html]
[www.utah.edu/events/ongoing-events.html]
[www.utah.edu/events/index6733.html]
[www.utah.edu/_images/future-students/banner-future-students.jpg]
[www.utah.edu/future-students/student-success.html]
[www.utah.edu/_images/future-students/thmb-about-the-u.jpg]
[www.utah.edu/_images/future-students/thmb-academics.jpg]
[www.utah.edu/_images/future-students/thmb-admission.jpg]
[www.utah.edu/_images/future-students/thmb-cost.jpg]
[www.utah.edu/_images/future-students/thmb-student-life.jpg]
[www.utah.edu/_archive/life/student.html]
[www.utah.edu/_images/future-students/thmb-student-success.jpg]
[www.utah.edu/_images/future-students/thmb-visit-campus.jpg]
[update.web.utah.edu/_images/future-students/side-my-u-sig-exp.jpg]
[www.utah.edu/future-students/index.html]
[www.utah.edu/_images/students/banner-students.jpg]
[www.utah.edu/_images/students/thmb-advising.jpg]
[www.utah.edu/_images/students/thmb-class-register.jpg]
[www.utah.edu/_images/students/thmb-housing.jpg]
[www.utah.edu/_images/students/thmb-learning-opp.jpg]
[www.utah.edu/_images/students/thmb-research-opp.jpg]
[www.utah.edu/_images/students/thmb-student-success.jpg]
[www.utah.edu/events/your-eventse0d7.html]
[www.utah.edu/_images/students/logo-greenlight.png]
[www.utah.edu/_images/students/logo-chrony.png]
[www.utah.edu/_images/students/BootsUtes_005.jpg]
[www.utah.edu/students/index.html]
[www.utah.edu/_images/faculty/MarkMatheson.jpg]
[www.utah.edu/faculty/services.html]
[www.utah.edu/events/your-events39dd.html]
[www.utah.edu/_images/staff/thmb-attheu.png]
[www.utah.edu/faculty/index.html]
[www.utah.edu/_images/staff/banner-staff.jpg]
[www.utah.edu/events/your-eventsbaa3.html]
[www.utah.edu/staff/thmb-attheu.png]
[www.utah.edu/staff/index.html]
[www.utah.edu/_images/visitors/banner-visitor.jpg]
[www.utah.edu/_images/visitors/thmb-parents-students.jpg]
[www.utah.edu/_images/visitors/thmb-something-for-everyone.jpg]
[www.utah.edu/_images/visitors/thmb-athletics.jpg]
[www.utah.edu/_images/visitors/logo-guest-house.png]
[www.utah.edu/_images/visitors/logo-facebook.png]
[www.utah.edu/visitors/index.html]
[www.utah.edu/_images/diversity/cesa_welcome.jpg]
[www.utah.edu/events/your-events8abc.html]
[www.utah.edu/diversity/index.html]
[www.utah.edu/_images/community/capitol_SLC.jpg]
[www.utah.edu/community/index-2.html]
[www.utah.edu/arts/venues.html]
[www.utah.edu/community/index.html]
[www.utah.edu/events/index946d.html]
[www.utah.edu/a-z/index.html]
[www.utah.edu/uwebresources/index.html]
[www.utah.edu/_images/about/banner-about-the-u.jpg]
[www.utah.edu/_images/about/innovation-thmb.jpg]
[www.utah.edu/_images/about/campus-destination-thmb.jpg]
[www.utah.edu/innovate/index.html]
[www.utah.edu/_images/about/pac-12-thmb.jpg]
[www.utah.edu/_images/about/luminaries-sidebar.jpg]
[www.utah.edu/_images/about/eae-rankings-sidebar.jpg]
[www.utah.edu/_images/about/social-media.png]
[www.utah.edu/about/index.html]
[www.utah.edu/events/index.html]
[www.utah.edu/nondiscrimination/index.html]
[www.utah.edu/disclaimer/index.html]
[www.utah.edu/privacy/index.html]
[www.utah.edu/contact/index.html]
[templates.utah.edu/_main-v2/_css/main.css]
[templates.utah.edu/_main-v2/_images/header/background/leaves.jpg]
[www.utah.edu/_css/custom-styles.css]
[www.utah.edu/index-2.html]
[www.utah.edu/credits.html]
[www.utah.edu/_images/ulife/banner-student-services.jpg]
[www.utah.edu/students/services.html]
[www.utah.edu/libraries/index-2.html]
[www.utah.edu/directions/index.html]
[www.utah.edu/arts/spuddebug.9c.delayed]
[www.utah.edu/arts/m]
[www.utah.edu/arts/window.top.location]
[www.trumba.com/scripts/spuds.js]
[www.utah.edu/events/index2f96.html]
[www.utah.edu/events/indexb02e.html]
[www.utah.edu/events/index4c0c.html]
[www.utah.edu/events/index4412.html]
[www.utah.edu/events/index14db.html]
[www.utah.edu/events/your-events9696.html]
[www.utah.edu/_images/arts/thmb-arts-youth.jpg]
[www.utah.edu/arts/programs.html]
[www.utah.edu/_images/arts/thmb-nhmu.jpg]
[www.utah.edu/_images/arts/thmb-redbutte.jpg]
[www.utah.edu/_images/arts/thmb-art-history.jpg]
[www.utah.edu/arts/museums.html]
[www.utah.edu/directions/index-2.html]
[www.utah.edu/events/index-2.html]
[www.utah.edu/events/featured-events.html]
[www.utah.edu/events/ongoing-events.html]
[www.utah.edu/_images/future-students/banner-student-success.jpg]
[www.utah.edu/_images/future-students/thmb-sarah-shippobatham.jpg]
[www.utah.edu/_images/future-students/thmb-matt-boerke.jpg]
[www.utah.edu/_images/future-students/thmb-sarah-brown-innocence.jpg]
[www.utah.edu/_images/future-students/thmb-success-architecture.jpg]
[www.utah.edu/_images/future-students/thmb-florian-solbacher.jpg]
[www.utah.edu/future-students/archive.html]
[www.utah.edu/future-students/student-success.html]
[www.utah.edu/_images/ulife/banner-student-life.jpg]
[www.utah.edu/arts/index-2.html]
[www.utah.edu/_archive/life/student.html]
[www.utah.edu/events/your-eventse0d7.html]
[www.utah.edu/faculty/services.html]
[www.utah.edu/events/your-events39dd.html]
[www.utah.edu/events/your-eventsbaa3.html]
[www.utah.edu/events/your-events8abc.html]
[www.utah.edu/community/index-2.html]
[www.utah.edu/_images/arts/thmb-babcock-theatre.jpg]
[www.utah.edu/_images/arts/thmb-dumke-recital.jpg]
[www.utah.edu/_images/arts/thmb-hayes-christensen.jpg]
[www.utah.edu/_images/arts/thmb-gardner-hall.jpg]
[www.utah.edu/_images/arts/thmb-studio115.jpg]
[www.utah.edu/arts/venues.html]
[www.utah.edu/events/index946d.html]
[www.utah.edu/uwebresources/index.html]
[www.utah.edu/innovate/favicon.ico]
[www.utah.edu/innovate/images/apple-touch-icon.png]
[www.utah.edu/innovate/bootstrap.css]
[www.utah.edu/innovate/global.css]
[www.utah.edu/innovate/brian-grid.css]
[www.utah.edu/innovate/innovate.css]
[www.utah.edu/innovate/modernizr-2.6.2-respond-1.1.0.min.js]
[www.google-analytics.com/analytics.js]
[www.utah.edu/innovate/images/down-arrow.png]
[www.utah.edu/innovate/images/tvc.jpg]
[www.utah.edu/innovate/images/lassonde.jpg]
[www.utah.edu/innovate/images/efs.jpg]
[www.utah.edu/innovate/images/cmi.jpg]
[www.utah.edu/innovate/images/cei.jpg]
[www.utah.edu/innovate/Corporate-Concierge.pdf]
[www.utah.edu/innovate/images/concierge.jpg]
[www.utah.edu/innovate/images/vp.jpg]
[www.utah.edu/innovate/images/osp-square.jpg]
[www.utah.edu/innovate/images/community.jpg]
[www.utah.edu/innovate/UU-Innovate-Report-2015_LR.pdf]
[www.utah.edu/innovate/images/innovate-cover_233x180.jpg]
[www.utah.edu/innovate/Innovate-2014-LR.pdf]
[www.utah.edu/innovate/Innovate-annual-report_090613_LR.pdf]
[www.utah.edu/innovate/images/tvc-2015.jpg]
[www.utah.edu/innovate/images/algorithms-2015-cover-thumb.jpg]
[www.utah.edu/innovate/images/siu16-innovate.jpg]
[www.utah.edu/innovate/images/imagine_u.png]
[www.utah.edu/innovate/jquery-1.11.min.js]
[www.utah.edu/innovate/global.js]
[www.utah.edu/innovate/index.html]
[www.utah.edu/innovate/brian-grid.js]
[www.utah.edu/arts/spuddebug.html]
[www.utah.edu/arts/m.html]
[www.utah.edu/arts/window.top.html]
[www.utah.edu/_images/future-students/find-your-counselor.png]
[www.utah.edu/_images/future-students/side-my-u-sig-exp.jpg]
[www.utah.edu/future-students/archive.html]
[www.utah.edu/arts/index-2.html]
[www.utah.edu/innovate/bootstrap.css]
[www.utah.edu/innovate/images/sample-header-photo.jpg]
[www.utah.edu/innovate/images/sprite_ulogo.png]
[www.utah.edu/innovate/images/sprite_tools.png]
[www.utah.edu/innovate/images/sprite_elements.png]
[www.utah.edu/innovate/images/arrow_left.png]
[www.utah.edu/innovate/images/bg_header_extent.png]
[www.utah.edu/innovate/global.css]
[www.utah.edu/innovate/brian-grid.css]
[www.utah.edu/innovate/images/mtn-header-bg.png]
[www.utah.edu/innovate/images/mtn-section-bg.png]
[www.utah.edu/innovate/innovate.css]
[www.utah.edu/innovate/images/sample-header-photo.html]
